I'm sorry, but errors were detected in your script. Please correct the
errors listed below, and try again.


File "game/script-ch1.rpy", line 781: Line is indented, but the preceding show statement statement does not expect a block. Please check this line's indentation. You may have forgotten a colon (:).
    b "waow det var rigtigt,du eksitere"
    ^

Ren'Py Version: Ren'Py 8.3.4.24120703
Tue Dec 24 16:20:58 2024
